== 环境 ==
{
  "date": "2026-09-14T09:12:47Z",
  "os": "Darwin 22.6.0 x86_64",
  "cpu": "Intel(R) Core(TM) i7-7700 CPU @ 3.60GHz",
  "n_cpu": 8,
  "mem_bytes": 17179869184,
  "rustc": "rustc 1.95.0 (59807616e 2026-04-14)",
  "cargo": "cargo 1.95.0 (f2d3ce0bd 2026-03-21)",
  "python": "Python 3.13.12",
  "repo_root": "/Users/zzq7191/WorkBuddy/svn-copy-ai",
  "scales": "m"
}

== 编译 bench profile ==
    Finished `bench` profile [optimized] target(s) in 0.25s

============================= 档位 m =============================


-- 复用已有 fixture（--reuse）
-- 复制运行副本 → /tmp/b-artifact-fixtures/m-run
-- 压测开始 09:12:52Z：cargo bench --bench m15_bench -- --data-dir /tmp/b-artifact-fixtures/m-run --out /Users/zzq7191/WorkBuddy/svn-copy-ai/bench-results-x-p8 0b/m15-m.json --label m --heavy auto --iterations 25 --budget 12 --only conc --concurrency 8,32
    Finished `bench` profile [optimized] target(s) in 0.25s
     Running benches/m15_bench.rs (target/release/deps/m15_bench-808996b77cf64389)
[fixture] repo=bench head_rev=20000 文件 240000 / changes 438800 / 修订 20000 / blob 3000
[conc] 并发…
[out] JSON 报告已写入 /Users/zzq7191/WorkBuddy/svn-copy-ai/bench-results-x-p8 0b/m15-m.json

## m

fixture：240000 个存活文件 / 20000 修订 / changes 438800 行 / blob 3000 个

### 并发

| 基准 | n | p50 | p95 | p99 | 规模 | 吞吐 | 备注 |
|---|---|---|---|---|---|---|---|
| `tree_root_depth1_c8` | 64 | 4.3ms | 64.6ms | 87.4ms | - | 204/s | 并发 8，64 请求，吞吐 204 req/s |
| `tree_root_depth1_c32` | 64 | 4.1ms | 21.6ms | 37.9ms | - | 822/s | 并发 32，64 请求，吞吐 822 req/s |
| `download_blob_c8` | 64 | 3.3ms | 37.4ms | 39.6ms | - | 268/s | 并发 8，64 请求，吞吐 268 req/s |
| `download_blob_c32` | 64 | 4.6ms | 10.0ms | 12.8ms | - | 2553/s | 并发 32，64 请求，吞吐 2553 req/s |
| `tree_hist_leaf_c8` | 64 | 3.2ms | 39.9ms | 40.2ms | - | 304/s | 并发 8，64 请求，吞吐 304 req/s |
| `tree_hist_leaf_c32` | 64 | 8.2ms | 11.9ms | 12.2ms | - | 1807/s | 并发 32，64 请求，吞吐 1807 req/s |
| `tree_head_file_c8` | 64 | 4.3ms | 38.1ms | 40.4ms | - | 242/s | 并发 8，64 请求，吞吐 242 req/s |
| `tree_head_file_c32` | 64 | 3.7ms | 9.8ms | 37.6ms | - | 896/s | 并发 32，64 请求，吞吐 896 req/s |
| `tree_hist_file_c8` | 64 | 4.4ms | 40.3ms | 64.3ms | - | 204/s | 并发 8，64 请求，吞吐 204 req/s |
| `tree_hist_file_c32` | 64 | 4.4ms | 20.8ms | 20.9ms | - | 1113/s | 并发 32，64 请求，吞吐 1113 req/s |
| `repo_info_c8` | 64 | 252.9ms | 300.3ms | 301.9ms | - | 30/s | 并发 8，64 请求，吞吐 30 req/s |
| `repo_info_c32` | 64 | 678.2ms | 1.01s | 1.01s | - | 32/s | 并发 32，64 请求，吞吐 32 req/s |
| `log_50_c8` | 64 | 4.4ms | 40.8ms | 41.2ms | - | 244/s | 并发 8，64 请求，吞吐 244 req/s |
| `log_50_c32` | 64 | 10.5ms | 14.6ms | 21.8ms | - | 1183/s | 并发 32，64 请求，吞吐 1183 req/s |

-- 压测结束，耗时 12s

== 全部完成 ==
原始数据: /Users/zzq7191/WorkBuddy/svn-copy-ai/bench-results-x-p8 0b
生成汇总: python3 /Users/zzq7191/WorkBuddy/svn-copy-ai/scripts/m15_summary.py /Users/zzq7191/WorkBuddy/svn-copy-ai/bench-results-x-p8 0b
