== 环境 ==
{
  "date": "2026-09-14T09:11:34Z",
  "os": "Darwin 22.6.0 x86_64",
  "cpu": "Intel(R) Core(TM) i7-7700 CPU @ 3.60GHz",
  "n_cpu": 8,
  "mem_bytes": 17179869184,
  "rustc": "rustc 1.95.0 (59807616e 2026-04-14)",
  "cargo": "cargo 1.95.0 (f2d3ce0bd 2026-03-21)",
  "python": "Python 3.13.12",
  "repo_root": "/Users/zzq7191/WorkBuddy/svn-copy-ai",
  "scales": "m"
}

== 编译 bench profile ==
    Finished `bench` profile [optimized] target(s) in 0.22s

============================= 档位 m =============================


-- 复用已有 fixture（--reuse）
-- 复制运行副本 → /tmp/b-artifact-fixtures/m-run
-- 压测开始 09:11:38Z：cargo bench --bench m15_bench -- --data-dir /tmp/b-artifact-fixtures/m-run --out /Users/zzq7191/WorkBuddy/svn-copy-ai/bench-results-pool4/m15-m.json --label m --heavy auto --iterations 25 --budget 12 --only conc --concurrency 8,32
    Finished `bench` profile [optimized] target(s) in 0.23s
     Running benches/m15_bench.rs (target/release/deps/m15_bench-808996b77cf64389)
[fixture] repo=bench head_rev=20000 文件 240000 / changes 438800 / 修订 20000 / blob 3000
[conc] 并发…
[out] JSON 报告已写入 /Users/zzq7191/WorkBuddy/svn-copy-ai/bench-results-pool4/m15-m.json

## m

fixture：240000 个存活文件 / 20000 修订 / changes 438800 行 / blob 3000 个

### 并发

| 基准 | n | p50 | p95 | p99 | 规模 | 吞吐 | 备注 |
|---|---|---|---|---|---|---|---|
| `tree_root_depth1_c8` | 64 | 1.2ms | 4.8ms | 5.3ms | - | 1946/s | 并发 8，64 请求，吞吐 1946 req/s |
| `tree_root_depth1_c32` | 64 | 5.1ms | 6.7ms | 11.8ms | - | 1905/s | 并发 32，64 请求，吞吐 1905 req/s |
| `download_blob_c8` | 64 | 1.5ms | 4.9ms | 10.7ms | - | 1431/s | 并发 8，64 请求，吞吐 1431 req/s |
| `download_blob_c32` | 64 | 4.5ms | 5.3ms | 5.9ms | - | 4588/s | 并发 32，64 请求，吞吐 4588 req/s |
| `tree_hist_leaf_c8` | 64 | 3.0ms | 5.9ms | 10.0ms | - | 1117/s | 并发 8，64 请求，吞吐 1117 req/s |
| `tree_hist_leaf_c32` | 64 | 9.4ms | 12.8ms | 12.8ms | - | 2386/s | 并发 32，64 请求，吞吐 2386 req/s |
| `tree_head_file_c8` | 64 | 1.3ms | 4.4ms | 10.5ms | - | 1397/s | 并发 8，64 请求，吞吐 1397 req/s |
| `tree_head_file_c32` | 64 | 4.2ms | 10.3ms | 10.6ms | - | 3018/s | 并发 32，64 请求，吞吐 3018 req/s |
| `tree_hist_file_c8` | 64 | 1.4ms | 4.3ms | 4.5ms | - | 1691/s | 并发 8，64 请求，吞吐 1691 req/s |
| `tree_hist_file_c32` | 64 | 4.8ms | 6.3ms | 7.2ms | - | 3614/s | 并发 32，64 请求，吞吐 3614 req/s |
| `repo_info_c8` | 64 | 197.0ms | 231.1ms | 231.9ms | - | 37/s | 并发 8，64 请求，吞吐 37 req/s |
| `repo_info_c32` | 64 | 521.2ms | 842.0ms | 845.1ms | - | 38/s | 并发 32，64 请求，吞吐 38 req/s |
| `log_50_c8` | 64 | 3.9ms | 9.6ms | 10.8ms | - | 1263/s | 并发 8，64 请求，吞吐 1263 req/s |
| `log_50_c32` | 64 | 11.9ms | 15.9ms | 16.9ms | - | 1935/s | 并发 32，64 请求，吞吐 1935 req/s |

-- 压测结束，耗时 10s

== 全部完成 ==
原始数据: /Users/zzq7191/WorkBuddy/svn-copy-ai/bench-results-pool4
生成汇总: python3 /Users/zzq7191/WorkBuddy/svn-copy-ai/scripts/m15_summary.py /Users/zzq7191/WorkBuddy/svn-copy-ai/bench-results-pool4
