[1/5] blob 池 4000 个 / 6.0MB / 哈希 0.0s + 落盘 313.3s（8 线程）
[2/5] 路径枚举 1000000 条 / 0.5s
[3/5] 生成历史：100000 修订（导入期 500 × 约 2000 文件；维护期 99500 × 10 改 + 0 增 + 0 删）
      rev 5000/100000（9s）
      rev 10000/100000（11s）
      rev 15000/100000（13s）
      rev 20000/100000（14s）
      rev 25000/100000（16s）
      rev 30000/100000（18s）
      rev 35000/100000（20s）
      rev 40000/100000（22s）
      rev 45000/100000（23s）
      rev 50000/100000（25s）
      rev 55000/100000（27s）
      rev 60000/100000（29s）
      rev 65000/100000（31s）
      rev 70000/100000（33s）
      rev 75000/100000（35s）
      rev 80000/100000（37s）
      rev 85000/100000（39s）
      rev 90000/100000（41s）
      rev 95000/100000（43s）
      rev 100000/100000（44s）
[3/5] 历史生成完成 / 44.4s
[4/5] 收尾 / 10.4s；[5/5] changes=1995000 head_entries=1000000 revisions=100000 blobs=4000
      DB 608.7MB + blobs 6.0MB
