== 环境 ==
{
  "date": "2026-09-14T09:13:24Z",
  "os": "Darwin 22.6.0 x86_64",
  "cpu": "Intel(R) Core(TM) i7-7700 CPU @ 3.60GHz",
  "n_cpu": 8,
  "mem_bytes": 17179869184,
  "rustc": "rustc 1.95.0 (59807616e 2026-04-14)",
  "cargo": "cargo 1.95.0 (f2d3ce0bd 2026-03-21)",
  "python": "Python 3.13.12",
  "repo_root": "/Users/zzq7191/WorkBuddy/svn-copy-ai",
  "scales": "m"
}

== 编译 bench profile ==
    Finished `bench` profile [optimized] target(s) in 0.24s

============================= 档位 m =============================


-- 复用已有 fixture（--reuse）
-- 复制运行副本 → /tmp/b-artifact-fixtures/m-run
-- 压测开始 09:13:29Z：cargo bench --bench m15_bench -- --data-dir /tmp/b-artifact-fixtures/m-run --out /Users/zzq7191/WorkBuddy/svn-copy-ai/bench-results-x-p4 1b/m15-m.json --label m --heavy auto --iterations 25 --budget 12 --only conc --concurrency 8,32
    Finished `bench` profile [optimized] target(s) in 0.22s
     Running benches/m15_bench.rs (target/release/deps/m15_bench-808996b77cf64389)
[fixture] repo=bench head_rev=20000 文件 240000 / changes 438800 / 修订 20000 / blob 3000
[conc] 并发…
[out] JSON 报告已写入 /Users/zzq7191/WorkBuddy/svn-copy-ai/bench-results-x-p4 1b/m15-m.json

## m

fixture：240000 个存活文件 / 20000 修订 / changes 438800 行 / blob 3000 个

### 并发

| 基准 | n | p50 | p95 | p99 | 规模 | 吞吐 | 备注 |
|---|---|---|---|---|---|---|---|
| `tree_root_depth1_c8` | 64 | 4.6ms | 61.6ms | 62.9ms | - | 202/s | 并发 8，64 请求，吞吐 202 req/s |
| `tree_root_depth1_c32` | 64 | 4.9ms | 21.8ms | 37.1ms | - | 830/s | 并发 32，64 请求，吞吐 830 req/s |
| `download_blob_c8` | 64 | 4.7ms | 60.6ms | 61.5ms | - | 206/s | 并发 8，64 请求，吞吐 206 req/s |
| `download_blob_c32` | 64 | 5.7ms | 14.3ms | 26.0ms | - | 1284/s | 并发 32，64 请求，吞吐 1284 req/s |
| `tree_hist_leaf_c8` | 64 | 4.7ms | 23.6ms | 39.2ms | - | 308/s | 并发 8，64 请求，吞吐 308 req/s |
| `tree_hist_leaf_c32` | 64 | 8.6ms | 12.2ms | 14.1ms | - | 1877/s | 并发 32，64 请求，吞吐 1877 req/s |
| `tree_head_file_c8` | 64 | 2.0ms | 22.0ms | 38.1ms | - | 343/s | 并发 8，64 请求，吞吐 343 req/s |
| `tree_head_file_c32` | 64 | 4.1ms | 9.9ms | 21.7ms | - | 1235/s | 并发 32，64 请求，吞吐 1235 req/s |
| `tree_hist_file_c8` | 64 | 2.2ms | 37.5ms | 41.4ms | - | 253/s | 并发 8，64 请求，吞吐 253 req/s |
| `tree_hist_file_c32` | 64 | 4.5ms | 10.3ms | 21.3ms | - | 1285/s | 并发 32，64 请求，吞吐 1285 req/s |
| `repo_info_c8` | 64 | 247.5ms | 367.5ms | 368.9ms | - | 29/s | 并发 8，64 请求，吞吐 29 req/s |
| `repo_info_c32` | 64 | 699.5ms | 976.0ms | 981.0ms | - | 33/s | 并发 32，64 请求，吞吐 33 req/s |
| `log_50_c8` | 64 | 5.2ms | 39.9ms | 42.3ms | - | 246/s | 并发 8，64 请求，吞吐 246 req/s |
| `log_50_c32` | 64 | 9.9ms | 14.6ms | 20.5ms | - | 1515/s | 并发 32，64 请求，吞吐 1515 req/s |

-- 压测结束，耗时 12s

== 全部完成 ==
原始数据: /Users/zzq7191/WorkBuddy/svn-copy-ai/bench-results-x-p4 1b
生成汇总: python3 /Users/zzq7191/WorkBuddy/svn-copy-ai/scripts/m15_summary.py /Users/zzq7191/WorkBuddy/svn-copy-ai/bench-results-x-p4 1b
