== 环境 ==
{
  "date": "2026-09-14T09:05:12Z",
  "os": "Darwin 22.6.0 x86_64",
  "cpu": "Intel(R) Core(TM) i7-7700 CPU @ 3.60GHz",
  "n_cpu": 8,
  "mem_bytes": 17179869184,
  "rustc": "rustc 1.95.0 (59807616e 2026-04-14)",
  "cargo": "cargo 1.95.0 (f2d3ce0bd 2026-03-21)",
  "python": "Python 3.13.12",
  "repo_root": "/Users/zzq7191/WorkBuddy/svn-copy-ai",
  "scales": "m"
}

== 编译 bench profile ==
   Compiling b-artifact-server v0.1.0 (/Users/zzq7191/WorkBuddy/svn-copy-ai/server)
    Finished `bench` profile [optimized] target(s) in 1m 04s

============================= 档位 m =============================


-- 复用已有 fixture（--reuse）
-- 复制运行副本 → /tmp/b-artifact-fixtures/m-run
-- 压测开始 09:06:19Z：cargo bench --bench m15_bench -- --data-dir /tmp/b-artifact-fixtures/m-run --out /Users/zzq7191/WorkBuddy/svn-copy-ai/bench-results-conc4/m15-m.json --label m --heavy auto --iterations 25 --budget 12 --only conc --concurrency 8,32
    Finished `bench` profile [optimized] target(s) in 0.21s
     Running benches/m15_bench.rs (target/release/deps/m15_bench-808996b77cf64389)
[fixture] repo=bench head_rev=20000 文件 240000 / changes 438800 / 修订 20000 / blob 3000
[conc] 并发…
[out] JSON 报告已写入 /Users/zzq7191/WorkBuddy/svn-copy-ai/bench-results-conc4/m15-m.json

## m

fixture：240000 个存活文件 / 20000 修订 / changes 438800 行 / blob 3000 个

### 并发

| 基准 | n | p50 | p95 | p99 | 规模 | 吞吐 | 备注 |
|---|---|---|---|---|---|---|---|
| `tree_root_depth1_c8` | 64 | 2.3ms | 47.9ms | 72.9ms | - | 225/s | 并发 8，64 请求，吞吐 225 req/s |
| `tree_root_depth1_c32` | 64 | 4.3ms | 28.6ms | 66.6ms | - | 511/s | 并发 32，64 请求，吞吐 511 req/s |
| `download_blob_c8` | 64 | 5.8ms | 46.5ms | 66.4ms | - | 169/s | 并发 8，64 请求，吞吐 169 req/s |
| `download_blob_c32` | 64 | 4.8ms | 11.9ms | 22.3ms | - | 1260/s | 并发 32，64 请求，吞吐 1260 req/s |
| `tree_hist_leaf_c8` | 64 | 5.9ms | 49.0ms | 64.2ms | - | 187/s | 并发 8，64 请求，吞吐 187 req/s |
| `tree_hist_leaf_c32` | 64 | 8.4ms | 12.4ms | 12.6ms | - | 2134/s | 并发 32，64 请求，吞吐 2134 req/s |
| `tree_head_file_c8` | 64 | 5.2ms | 47.4ms | 50.4ms | - | 174/s | 并发 8，64 请求，吞吐 174 req/s |
| `tree_head_file_c32` | 64 | 3.8ms | 42.6ms | 67.7ms | - | 458/s | 并发 32，64 请求，吞吐 458 req/s |
| `tree_hist_file_c8` | 64 | 2.3ms | 26.1ms | 45.9ms | - | 290/s | 并发 8，64 请求，吞吐 290 req/s |
| `tree_hist_file_c32` | 64 | 3.5ms | 10.5ms | 24.3ms | - | 1120/s | 并发 32，64 请求，吞吐 1120 req/s |
| `repo_info_c8` | 64 | 219.1ms | 262.1ms | 263.0ms | - | 35/s | 并发 8，64 请求，吞吐 35 req/s |
| `repo_info_c32` | 64 | 628.8ms | 901.1ms | 901.7ms | - | 36/s | 并发 32，64 请求，吞吐 36 req/s |
| `log_50_c8` | 64 | 3.6ms | 28.6ms | 47.7ms | - | 317/s | 并发 8，64 请求，吞吐 317 req/s |
| `log_50_c32` | 64 | 10.1ms | 13.2ms | 13.3ms | - | 1663/s | 并发 32，64 请求，吞吐 1663 req/s |

-- 压测结束，耗时 11s

== 全部完成 ==
原始数据: /Users/zzq7191/WorkBuddy/svn-copy-ai/bench-results-conc4
生成汇总: python3 /Users/zzq7191/WorkBuddy/svn-copy-ai/scripts/m15_summary.py /Users/zzq7191/WorkBuddy/svn-copy-ai/bench-results-conc4
