== 环境 ==
{
  "date": "2026-09-14T09:03:16Z",
  "os": "Darwin 22.6.0 x86_64",
  "cpu": "Intel(R) Core(TM) i7-7700 CPU @ 3.60GHz",
  "n_cpu": 8,
  "mem_bytes": 17179869184,
  "rustc": "rustc 1.95.0 (59807616e 2026-04-14)",
  "cargo": "cargo 1.95.0 (f2d3ce0bd 2026-03-21)",
  "python": "Python 3.13.12",
  "repo_root": "/Users/zzq7191/WorkBuddy/svn-copy-ai",
  "scales": "m"
}

== 编译 bench profile ==
    Finished `bench` profile [optimized] target(s) in 0.22s

============================= 档位 m =============================


-- 复用已有 fixture（--reuse）
-- 复制运行副本 → /tmp/b-artifact-fixtures/m-run
-- 压测开始 09:03:20Z：cargo bench --bench m15_bench -- --data-dir /tmp/b-artifact-fixtures/m-run --out /Users/zzq7191/WorkBuddy/svn-copy-ai/bench-results-conc3/m15-m.json --label m --heavy auto --iterations 25 --budget 12 --only conc --concurrency 8,32
    Finished `bench` profile [optimized] target(s) in 0.22s
     Running benches/m15_bench.rs (target/release/deps/m15_bench-808996b77cf64389)
[fixture] repo=bench head_rev=20000 文件 240000 / changes 438800 / 修订 20000 / blob 3000
[conc] 并发…
[out] JSON 报告已写入 /Users/zzq7191/WorkBuddy/svn-copy-ai/bench-results-conc3/m15-m.json

## m

fixture：240000 个存活文件 / 20000 修订 / changes 438800 行 / blob 3000 个

### 并发

| 基准 | n | p50 | p95 | p99 | 规模 | 吞吐 | 备注 |
|---|---|---|---|---|---|---|---|
| `tree_root_depth1_c8` | 64 | 4.6ms | 64.0ms | 65.1ms | - | 185/s | 并发 8，64 请求，吞吐 185 req/s |
| `tree_root_depth1_c32` | 64 | 4.6ms | 10.4ms | 14.7ms | - | 1705/s | 并发 32，64 请求，吞吐 1705 req/s |
| `download_blob_c8` | 64 | 2.4ms | 40.4ms | 65.2ms | - | 231/s | 并发 8，64 请求，吞吐 231 req/s |
| `download_blob_c32` | 64 | 4.0ms | 20.8ms | 39.5ms | - | 739/s | 并发 32，64 请求，吞吐 739 req/s |
| `tree_hist_leaf_c8` | 64 | 4.8ms | 42.5ms | 63.6ms | - | 186/s | 并发 8，64 请求，吞吐 186 req/s |
| `tree_hist_leaf_c32` | 64 | 8.1ms | 11.8ms | 20.2ms | - | 1257/s | 并发 32，64 请求，吞吐 1257 req/s |
| `tree_head_file_c8` | 64 | 4.6ms | 41.4ms | 63.1ms | - | 182/s | 并发 8，64 请求，吞吐 182 req/s |
| `tree_head_file_c32` | 64 | 3.7ms | 12.6ms | 23.7ms | - | 988/s | 并发 32，64 请求，吞吐 988 req/s |
| `tree_hist_file_c8` | 64 | 2.1ms | 37.2ms | 40.9ms | - | 334/s | 并发 8，64 请求，吞吐 334 req/s |
| `tree_hist_file_c32` | 64 | 3.3ms | 38.1ms | 62.8ms | - | 423/s | 并发 32，64 请求，吞吐 423 req/s |
| `repo_info_c8` | 64 | 223.6ms | 274.3ms | 276.5ms | - | 34/s | 并发 8，64 请求，吞吐 34 req/s |
| `repo_info_c32` | 64 | 659.9ms | 929.0ms | 935.0ms | - | 35/s | 并发 32，64 请求，吞吐 35 req/s |
| `log_50_c8` | 64 | 7.9ms | 62.5ms | 66.9ms | - | 166/s | 并发 8，64 请求，吞吐 166 req/s |
| `log_50_c32` | 64 | 9.6ms | 23.7ms | 42.7ms | - | 639/s | 并发 32，64 请求，吞吐 639 req/s |

-- 压测结束，耗时 12s

== 全部完成 ==
原始数据: /Users/zzq7191/WorkBuddy/svn-copy-ai/bench-results-conc3
生成汇总: python3 /Users/zzq7191/WorkBuddy/svn-copy-ai/scripts/m15_summary.py /Users/zzq7191/WorkBuddy/svn-copy-ai/bench-results-conc3
